[backblue.gif]
[fade.gif]
[index.html]
[ajax.googleapis.com/ajax/libs/jquery/3.5.1/jquery.min.js]
[bcc.ca.gov/favicon.ico]
[tags.srv.stackadapt.com/events.js]
[www.dca.ca.gov/js/warning.js]
[connect.facebook.net/en_US/fbevents.js]
[bcc.ca.gov/about_us/documents/iservices_api_user_guide.pdf]
[bcc.ca.gov/about_us/documents/media_20210514.pdf]
[bcc.ca.gov/about_us/documents/media_20210507.pdf]
[bcc.ca.gov/about_us/documents/media_20210315.pdf]
[bcc.ca.gov/about_us/documents/media_20210218.pdf]
[bcc.ca.gov/about_us/documents/media_20210215.pdf]
[california.azureedge.net/cdt/statetemplate/global/images/gov-seal.png]
[www.dca.ca.gov/images/military_button.png]
[www.dca.ca.gov/images/cgp_logo.png]
[www.dca.ca.gov/images/covid19.jpg]
[www.dca.ca.gov/images/content/save_water.jpg]
[bcc.ca.gov/web_cert.pdf]
[translate.google.com/translate_a/elementa0d8.js]
[www.dca.ca.gov/js/element_monitor.js]
[bcc.ca.gov/index.html]
[www.googletagmanager.com/gtm5445.html]
[connect.facebook.net/en_US/fbevents.js]
[bcc.ca.gov/accessibility.html]
[bcc.ca.gov/clear/lic_auth_release_form.pdf]
[bcc.ca.gov/clear/financial_inst_request_form.pdf]
[bcc.ca.gov/clear/retailer_instructions.pdf]
[bcc.ca.gov/clear/retailer_application.pdf]
[bcc.ca.gov/clear/owner_submittal_instructions.pdf]
[bcc.ca.gov/clear/owner_submittal.pdf]
[bcc.ca.gov/clear/financial_information_form.pdf]
[bcc.ca.gov/clear/premises_diagram.pdf]
[bcc.ca.gov/clear/bcc_lic_015.pdf]
[bcc.ca.gov/clear/bcc_lic_016.pdf]
[bcc.ca.gov/clear/bcc_lic_017.pdf]
[bcc.ca.gov/clear/bcc_lic_018.pdf]
[bcc.ca.gov/clear/bcc_lic_020.pdf]
[bcc.ca.gov/clear/licensee_bond.pdf]
[bcc.ca.gov/clear/bcc_lic_025.pdf]
[bcc.ca.gov/clear/bcc_lic_026.pdf]
[bcc.ca.gov/clear/bcc_lic_027.pdf]
[bcc.ca.gov/clear/distributor_instructions.pdf]
[bcc.ca.gov/clear/distributor_application.pdf]
[bcc.ca.gov/clear/microbusiness_instructions.pdf]
[bcc.ca.gov/clear/microbusiness_application.pdf]
[bcc.ca.gov/clear/microbusiness_att_a_cultivation.pdf]
[bcc.ca.gov/clear/microbusiness_att_b_manufacturer.pdf]
[bcc.ca.gov/clear/microbusiness_cultivation_plan_diagram.pdf]
[bcc.ca.gov/clear/testing_lab_instructions.pdf]
[bcc.ca.gov/clear/testing_lab_application.pdf]
[bcc.ca.gov/clear/bcc_lic_023.pdf]
[bcc.ca.gov/clear/bcc_lic_021.pdf]
[bcc.ca.gov/clear/bcc_lic_022.pdf]
[bcc.ca.gov/clear/bcc_lic_024.pdf]
[bcc.ca.gov/clear/event_org_instructions.pdf]
[bcc.ca.gov/clear/event_org_application.pdf]
[bcc.ca.gov/clear/temp_event_instructions.pdf]
[bcc.ca.gov/clear/temp_event_org_application.pdf]
[bcc.ca.gov/clear/event_org_diagram.pdf]
[bcc.ca.gov/clear/temp_event_org_list_of_licensees.pdf]
[bcc.ca.gov/clear/forms.html]
[bcc.ca.gov/clear/qrg_bcc_web.pdf]
[bcc.ca.gov/clear/qrg_bcc_weboverview.pdf]
[bcc.ca.gov/clear/qrg_registration.pdf]
[bcc.ca.gov/clear/qrg_applying.pdf]
[bcc.ca.gov/clear/qrg_paying.pdf]
[bcc.ca.gov/clear/qrg_complaint.pdf]
[bcc.ca.gov/clear/e_learning.html]
[bcc.ca.gov/about_us/documents/weedwise/weedwise1.pdf]
[bcc.ca.gov/about_us/documents/weedwise/weedwise_sp1.pdf]
[bcc.ca.gov/about_us/documents/weedwise/weedwise2.pdf]
[bcc.ca.gov/about_us/documents/weedwise/weedwise3.pdf]
[bcc.ca.gov/about_us/documents/weedwise/weedwise_sp3.pdf]
[bcc.ca.gov/about_us/documents/weedwise/weedwise4.pdf]
[bcc.ca.gov/about_us/documents/weedwise/weedwise_sp4.pdf]
[bcc.ca.gov/about_us/documents/weedwise/weedwise5.pdf]
[bcc.ca.gov/about_us/documents/weedwise/weedwise_sp5.pdf]
[bcc.ca.gov/about_us/documents/weedwise/weedwise6.pdf]
[bcc.ca.gov/about_us/documents/weedwise/weedwise_sp6.pdf]
[bcc.ca.gov/about_us/documents/weedwise/weedwise7.pdf]
[bcc.ca.gov/about_us/documents/weedwise/weedwise_sp7.pdf]
[bcc.ca.gov/about_us/documents/weedwise/weedwise_posters.pdf]
[bcc.ca.gov/about_us/documents/weedwise/weedwise_posters_sp.pdf]
[bcc.ca.gov/consumers/weedwise.html]
[bcc.ca.gov/law_regs/cannabis_order_of_adoption.pdf]
[bcc.ca.gov/law_regs/disciplinary_guidelines_102018.pdf]
[bcc.ca.gov/law_regs/17-066_regulation_notice.pdf]
[bcc.ca.gov/law_regs/ab2138_proposed_rulemaking.pdf]
[bcc.ca.gov/law_regs/ab2138_initial_statement_of_reasons.pdf]
[bcc.ca.gov/law_regs/ab2138_text_of_regulations.pdf]
[bcc.ca.gov/law_regs/approval_notice_billboard.pdf]
[bcc.ca.gov/law_regs/approved_text_regs_billboard.pdf]
[bcc.ca.gov/law_regs/stmt_explanation_change_1_ccr_100_billboard.pdf]
[bcc.ca.gov/law_regs/ab1525_approval_notice.pdf]
[bcc.ca.gov/law_regs/ab1525_approved_text.pdf]
[bcc.ca.gov/law_regs/ab1525_notice.pdf]
[bcc.ca.gov/law_regs/ab1525_errata.pdf]
[bcc.ca.gov/law_regs/ab1525_finding_of_er_notice.pdf]
[bcc.ca.gov/law_regs/ab1525_proposed_text_of_er_regs.pdf]
[bcc.ca.gov/law_regs/qr_code_oal_approval_readopt.pdf]
[bcc.ca.gov/law_regs/qr_code_readopt_regs.pdf]
[bcc.ca.gov/law_regs/qr_code_notice_oal.pdf]
[bcc.ca.gov/law_regs/cannabis_qr_code_finding_and_notice_of_reg_readopt.pdf]
[bcc.ca.gov/law_regs/cannabis_qr_code_readopt_reg_text.pdf]
[bcc.ca.gov/law_regs/20200213_emergency_regs_approval_notice.pdf]
[bcc.ca.gov/law_regs/approved_emergency_regs_qr_code.pdf]
[bcc.ca.gov/law_regs/20200212_addendum_foe.pdf]
[bcc.ca.gov/law_regs/qr_code_oal_reg_submission_notice.pdf]
[bcc.ca.gov/law_regs/cannabis_qr_code_finding_and_notice_of_regulations.pdf]
[bcc.ca.gov/law_regs/cannabis_qr_code_regulation_text.pdf]
[bcc.ca.gov/law_regs/cannabis_cert_comp.pdf]
[bcc.ca.gov/law_regs/cannabis_fsor.pdf]
[bcc.ca.gov/law_regs/cannabis_text.pdf]
[bcc.ca.gov/law_regs/bcc_disciplinary_guidlines_102018.pdf]
[bcc.ca.gov/law_regs/bcc_noticemodtxt.pdf]
[bcc.ca.gov/law_regs/cannabis_redline.pdf]
[bcc.ca.gov/law_regs/cannabis_isr.pdf]
[bcc.ca.gov/law_regs/cannabis_notice.pdf]
[bcc.ca.gov/law_regs/ceqa_initial_study.pdf]
[bcc.ca.gov/law_regs/ceqa_notice_of_intent.pdf]
[bcc.ca.gov/law_regs/index.html]
[www.dca.ca.gov/images/covid19_mask.html]
[bcc.ca.gov/c.html]
[bcc.ca.gov/b.html]
[bcc.ca.gov/POST.html]
[bcc.ca.gov/clear/videos/navigating_website.mp4]
[bcc.ca.gov/clear/videos/website_navigating.html]
[bcc.ca.gov/clear/videos/account_management.html]
[bcc.ca.gov/clear/videos/apply.html]
[bcc.ca.gov/clear/videos/temp_to_annual.html]
[bcc.ca.gov/clear/videos/paying_fees.html]
[bcc.ca.gov/clear/videos/file_complaint.html]
[bcc.ca.gov/clear/videos/reg_account_mgmt/assets/htmlimages/loader.gif]
[bcc.ca.gov/clear/videos/reg_account_mgmt/assets/js/CPXHRLoader.js]
[bcc.ca.gov/clear/videos/reg_account_mgmt/assets/js/CPM.js]
[bcc.ca.gov/clear/videos/reg_account_mgmt/index.html]
[bcc.ca.gov/clear/videos/apply/assets/htmlimages/loader.gif]
[bcc.ca.gov/clear/videos/apply/assets/js/CPXHRLoader.js]
[bcc.ca.gov/clear/videos/apply/assets/js/CPM.js]
[bcc.ca.gov/clear/videos/apply/index.html]
[bcc.ca.gov/clear/videos/temp_to_annual/assets/htmlimages/loader.gif]
[bcc.ca.gov/clear/videos/temp_to_annual/assets/js/CPXHRLoader.js]
[bcc.ca.gov/clear/videos/temp_to_annual/assets/js/CPM.js]
[bcc.ca.gov/clear/videos/temp_to_annual/index.html]
[bcc.ca.gov/clear/videos/fees/assets/htmlimages/loader.gif]
[bcc.ca.gov/clear/videos/fees/assets/js/CPXHRLoader.js]
[bcc.ca.gov/clear/videos/fees/assets/js/CPM.js]
[bcc.ca.gov/clear/videos/fees/index.html]
[bcc.ca.gov/clear/videos/complaint/assets/htmlimages/loader.gif]
[bcc.ca.gov/clear/videos/complaint/assets/js/CPXHRLoader.js]
[bcc.ca.gov/clear/videos/complaint/assets/js/CPM.js]
[bcc.ca.gov/clear/videos/complaint/index.html]
[bcc.ca.gov/clear/videos/reg_account_mgmt/assets/htmlimages/Play_icon.png]
[bcc.ca.gov/clear/videos/reg_account_mgmt/assets/htmlimages/gesturemobileicon.png]
[bcc.ca.gov/clear/videos/reg_account_mgmt/assets/htmlimages/gesturemobileimage2.png]
[bcc.ca.gov/clear/videos/reg_account_mgmt/assets/htmlimages/gesturemobilelandscape.png]
[bcc.ca.gov/clear/videos/reg_account_mgmt/assets/htmlimages/gesturetabletimage.png]
[bcc.ca.gov/clear/videos/reg_account_mgmt/assets/htmlimages/Play2x.gif]
[bcc.ca.gov/clear/videos/reg_account_mgmt/assets/htmlimages/Pause2x.gif]
[bcc.ca.gov/clear/videos/reg_account_mgmt/assets/htmlimages/dd_arrow.png]
[bcc.ca.gov/clear/videos/reg_account_mgmt/assets/htmlimages/arrow_right.gif]
[bcc.ca.gov/clear/videos/reg_account_mgmt/assets/htmlimages/sequenceReview.png]
[bcc.ca.gov/clear/videos/reg_account_mgmt/assets/css/CPLibraryAll.css]
[bcc.ca.gov/clear/videos/apply/assets/htmlimages/Play_icon.png]
[bcc.ca.gov/clear/videos/apply/assets/htmlimages/gesturemobileicon.png]
[bcc.ca.gov/clear/videos/apply/assets/htmlimages/gesturemobileimage2.png]
[bcc.ca.gov/clear/videos/apply/assets/htmlimages/gesturemobilelandscape.png]
[bcc.ca.gov/clear/videos/apply/assets/htmlimages/gesturetabletimage.png]
[bcc.ca.gov/clear/videos/apply/assets/htmlimages/Play2x.gif]
[bcc.ca.gov/clear/videos/apply/assets/htmlimages/Pause2x.gif]
[bcc.ca.gov/clear/videos/apply/assets/htmlimages/dd_arrow.png]
[bcc.ca.gov/clear/videos/apply/assets/htmlimages/arrow_right.gif]
[bcc.ca.gov/clear/videos/apply/assets/htmlimages/sequenceReview.png]
[bcc.ca.gov/clear/videos/apply/assets/css/CPLibraryAll.css]
[bcc.ca.gov/clear/videos/temp_to_annual/assets/htmlimages/Play_icon.png]
[bcc.ca.gov/clear/videos/temp_to_annual/assets/htmlimages/gesturemobileicon.png]
[bcc.ca.gov/clear/videos/temp_to_annual/assets/htmlimages/gesturemobileimage2.png]
[bcc.ca.gov/clear/videos/temp_to_annual/assets/htmlimages/gesturemobilelandscape.png]
[bcc.ca.gov/clear/videos/temp_to_annual/assets/htmlimages/gesturetabletimage.png]
[bcc.ca.gov/clear/videos/temp_to_annual/assets/htmlimages/Play2x.gif]
[bcc.ca.gov/clear/videos/temp_to_annual/assets/htmlimages/Pause2x.gif]
[bcc.ca.gov/clear/videos/temp_to_annual/assets/htmlimages/dd_arrow.png]
[bcc.ca.gov/clear/videos/temp_to_annual/assets/htmlimages/arrow_right.gif]
[bcc.ca.gov/clear/videos/temp_to_annual/assets/htmlimages/sequenceReview.png]
[bcc.ca.gov/clear/videos/temp_to_annual/assets/css/CPLibraryAll.css]
[bcc.ca.gov/clear/videos/fees/assets/htmlimages/Play_icon.png]
[bcc.ca.gov/clear/videos/fees/assets/htmlimages/gesturemobileicon.png]
[bcc.ca.gov/clear/videos/fees/assets/htmlimages/gesturemobileimage2.png]
[bcc.ca.gov/clear/videos/fees/assets/htmlimages/gesturemobilelandscape.png]
[bcc.ca.gov/clear/videos/fees/assets/htmlimages/gesturetabletimage.png]
[bcc.ca.gov/clear/videos/fees/assets/htmlimages/Play2x.gif]
[bcc.ca.gov/clear/videos/fees/assets/htmlimages/Pause2x.gif]
[bcc.ca.gov/clear/videos/fees/assets/htmlimages/dd_arrow.png]
[bcc.ca.gov/clear/videos/fees/assets/htmlimages/arrow_right.gif]
[bcc.ca.gov/clear/videos/fees/assets/htmlimages/sequenceReview.png]
[bcc.ca.gov/clear/videos/fees/assets/css/CPLibraryAll.css]
[bcc.ca.gov/clear/videos/complaint/assets/htmlimages/Play_icon.png]
[bcc.ca.gov/clear/videos/complaint/assets/htmlimages/gesturemobileicon.png]
[bcc.ca.gov/clear/videos/complaint/assets/htmlimages/gesturemobileimage2.png]
[bcc.ca.gov/clear/videos/complaint/assets/htmlimages/gesturemobilelandscape.png]
[bcc.ca.gov/clear/videos/complaint/assets/htmlimages/gesturetabletimage.png]
[bcc.ca.gov/clear/videos/complaint/assets/htmlimages/Play2x.gif]
[bcc.ca.gov/clear/videos/complaint/assets/htmlimages/Pause2x.gif]
[bcc.ca.gov/clear/videos/complaint/assets/htmlimages/dd_arrow.png]
[bcc.ca.gov/clear/videos/complaint/assets/htmlimages/arrow_right.gif]
[bcc.ca.gov/clear/videos/complaint/assets/htmlimages/sequenceReview.png]
[bcc.ca.gov/clear/videos/complaint/assets/css/CPLibraryAll.css]
[bcc.ca.gov/clear/videos/reg_account_mgmt/assets/Playbar_icons/Play_icon.html]
[bcc.ca.gov/clear/videos/apply/assets/Playbar_icons/Play_icon.html]
[bcc.ca.gov/clear/videos/temp_to_annual/assets/Playbar_icons/Play_icon.html]
[bcc.ca.gov/clear/videos/fees/assets/Playbar_icons/Play_icon.html]
[bcc.ca.gov/clear/videos/complaint/assets/Playbar_icons/Play_icon.html]
